[misterios-da-medicina.online/index.html]
[backblue.gif]
[fade.gif]
[index.html]
[misterios-da-medicina.online/feed/index.html]
[misterios-da-medicina.online/comments/feed/index.html]
[misterios-da-medicina.online/wp-json/index.html]
[misterios-da-medicina.online/wp-json/wp/v2/pages/8.json]
[misterios-da-medicina.online/xmlrpc0db0.php]
[misterios-da-medicina.online/wp-json/oembed/1.0/embed7986.json]
[misterios-da-medicina.online/wp-json/oembed/1.0/embeda63a]
[misterios-da-medicina.online/wp-content/uploads/fbrfg/apple-touch-icon.png]
[misterios-da-medicina.online/wp-content/uploads/fbrfg/favicon-32x32.png]
[misterios-da-medicina.online/wp-content/uploads/fbrfg/favicon-16x16.png]
[misterios-da-medicina.online/wp-content/uploads/fbrfg/favicon.ico]
[misterios-da-medicina.online/wp-content/themes/twentytwentyfour/assets/fonts/inter/Inter-VariableFont_slnt,wght.woff2]
[misterios-da-medicina.online/wp-content/themes/twentytwentyfour/assets/fonts/cardo/cardo_normal_400.woff2]
[misterios-da-medicina.online/wp-content/themes/twentytwentyfour/assets/fonts/cardo/cardo_italic_400.woff2]
[misterios-da-medicina.online/wp-content/themes/twentytwentyfour/assets/fonts/cardo/cardo_normal_700.woff2]
[connect.facebook.net/en_US/fbevents.js]
[misterios-da-medicina.online/wp-content/uploads/2024/05/cp-combo-1024x1024.png]
[misterios-da-medicina.online/wp-content/uploads/2024/04/Design-sem-nome-1.jpg]
[misterios-da-medicina.online/wp-content/uploads/2024/04/Design-sem-nome-2.jpg]
[misterios-da-medicina.online/wp-content/uploads/2024/04/Design-sem-nome-1-1.jpg]
[misterios-da-medicina.online/wp-content/uploads/2024/05/20230123_114034.crop_1868x2061_01010.preview-928x1024.jpg]
[misterios-da-medicina.online/wp-content/uploads/2024/05/Design-sem-nome-4.jpg]
[misterios-da-medicina.online/wp-content/uploads/2024/04/Design-sem-nome-6-1.jpg]
[misterios-da-medicina.online/wp-content/uploads/2024/05/depoimento04.png]
[misterios-da-medicina.online/wp-content/uploads/2024/05/depoimento06.png]
[misterios-da-medicina.online/wp-content/uploads/2024/05/depoimento01.png]
[misterios-da-medicina.online/wp-content/uploads/2024/04/acesso2.png]
[misterios-da-medicina.online/wp-content/uploads/2024/04/PAY-1024x95.png]
[misterios-da-medicina.online/wp-content/uploads/2024/05/it828fb2u1og0r91gnc84ib5qi._SY600_.jpg]
[misterios-da-medicina.online/wp-content/uploads/2024/05/Rosemary-in-herbs.jpg]
[misterios-da-medicina.online/wp-content/uploads/2024/04/30.png]
[misterios-da-medicina.online/wp-content/plugins/elementor/assets/js/webpack.runtime.min021f.js]
[misterios-da-medicina.online/wp-includes/js/jquery/jquery.minf43b.js]
[misterios-da-medicina.online/wp-includes/js/jquery/jquery-migrate.min5589.js]
[misterios-da-medicina.online/wp-content/plugins/elementor/assets/js/frontend-modules.min021f.js]
[misterios-da-medicina.online/wp-content/plugins/elementor/assets/lib/waypoints/waypoints.min05da.js]
[misterios-da-medicina.online/wp-includes/js/jquery/ui/core.min3f14.js]
[misterios-da-medicina.online/wp-content/plugins/elementor/assets/js/frontend.min021f.js]
[misterios-da-medicina.online/index.html]
[misterios-da-medicina.online/wp-content/plugins/elementor/assets/css/frontend-lite.min021f.css]
[misterios-da-medicina.online/wp-content/plugins/elementor/assets/lib/swiper/v8/css/swiper.min94a4.css]
[misterios-da-medicina.online/wp-content/uploads/elementor/css/post-54e86.css]
[misterios-da-medicina.online/wp-content/uploads/elementor/css/global776e.css]
[misterios-da-medicina.online/wp-content/uploads/elementor/css/post-8cdcb.css]
[misterios-da-medicina.online/wp-content/uploads/fbrfg/site.html]
[misterios-da-medicina.online/wp-content/uploads/fbrfg/safari-pinned-tab.svg]
[misterios-da-medicina.online/a]
[misterios-da-medicina.online/POST]
[misterios-da-medicina.online/b.resolvedLink]
[misterios-da-medicina.online/schema.org/index.html]
[misterios-da-medicina.online/signals/iwl.js]
[connect.facebook.net/en_US/fbevents.js]
[misterios-da-medicina.online/wp-content/plugins/elementor/assets/css/widget-icon-list.min.css]
[misterios-da-medicina.online/wp-content/uploads/2024/05/bbb.html]
[misterios-da-medicina.online/wp-content/uploads/2024/05/transferir-1.html]
[misterios-da-medicina.online/a.html]
[misterios-da-medicina.online/POST.html]
[misterios-da-medicina.online/schema.org/index.html]
[misterios-da-medicina.online/b.html]
[misterios-da-medicina.online/signals/iwl.html]
